<?xml version="1.0"?>
<link_info>
   <banner>TMS320C55x Linker PC v4.4.1</banner>
   <copyright>Copyright (c) 1996-2012 Texas Instruments Incorporated</copyright>
   <link_time>0x5b547789</link_time>
   <output_file>DSP.out</output_file>
   <entry_point>
      <name>_c_int00</name>
      <address>0x1149a</address>
   </entry_point>
   <input_file_list>
      <input_file id="fl-2">
         <path>.\</path>
         <kind>object</kind>
         <file>aic3204_config.obj</file>
         <name>aic3204_config.obj</name>
      </input_file>
      <input_file id="fl-3">
         <path>.\</path>
         <kind>object</kind>
         <file>aic3204_loop_mic_in.obj</file>
         <name>aic3204_loop_mic_in.obj</name>
      </input_file>
      <input_file id="fl-4">
         <path>.\</path>
         <kind>object</kind>
         <file>i2s_Intr.obj</file>
         <name>i2s_Intr.obj</name>
      </input_file>
      <input_file id="fl-5">
         <path>.\</path>
         <kind>object</kind>
         <file>main.obj</file>
         <name>main.obj</name>
      </input_file>
      <input_file id="fl-c">
         <path>F:\dsp_filter\project_example_sine_750hz_1khz\ccs_v6.x_examples\C55XXCSL_LP\Debug\</path>
         <kind>archive</kind>
         <file>C55XXCSL_LP.lib</file>
         <name>csl_i2s.obj</name>
      </input_file>
      <input_file id="fl-d">
         <path>F:\dsp_filter\project_example_sine_750hz_1khz\ccs_v6.x_examples\C55XXCSL_LP\Debug\</path>
         <kind>archive</kind>
         <file>C55XXCSL_LP.lib</file>
         <name>csl_intc.obj</name>
      </input_file>
      <input_file id="fl-e">
         <path>F:\dsp_filter\project_example_sine_750hz_1khz\ccs_v6.x_examples\C55XXCSL_LP\Debug\</path>
         <kind>archive</kind>
         <file>C55XXCSL_LP.lib</file>
         <name>csl_irqplug.obj</name>
      </input_file>
      <input_file id="fl-f">
         <path>F:\dsp_filter\project_example_sine_750hz_1khz\ccs_v6.x_examples\C55XXCSL_LP\Debug\</path>
         <kind>archive</kind>
         <file>C55XXCSL_LP.lib</file>
         <name>csl_sysctrl.obj</name>
      </input_file>
      <input_file id="fl-10">
         <path>F:\dsp_filter\project_example_sine_750hz_1khz\ccs_v6.x_examples\C55XXCSL_LP\Debug\</path>
         <kind>archive</kind>
         <file>C55XXCSL_LP.lib</file>
         <name>csl_uart.obj</name>
      </input_file>
      <input_file id="fl-11">
         <path>F:\dsp_filter\project_example_sine_750hz_1khz\ccs_v6.x_examples\C55XXCSL_LP\Debug\</path>
         <kind>archive</kind>
         <file>C55XXCSL_LP.lib</file>
         <name>evm5515.obj</name>
      </input_file>
      <input_file id="fl-12">
         <path>F:\dsp_filter\project_example_sine_750hz_1khz\ccs_v6.x_examples\C55XXCSL_LP\Debug\</path>
         <kind>archive</kind>
         <file>C55XXCSL_LP.lib</file>
         <name>evm5515_i2c.obj</name>
      </input_file>
      <input_file id="fl-13">
         <path>F:\dsp_filter\project_example_sine_750hz_1khz\ccs_v6.x_examples\C55XXCSL_LP\Debug\</path>
         <kind>archive</kind>
         <file>C55XXCSL_LP.lib</file>
         <name>evm5517_i2cgpio.obj</name>
      </input_file>
      <input_file id="fl-14">
         <path>F:\dsp_filter\project_example_sine_750hz_1khz\ccs_v6.x_examples\C55XXCSL_LP\Debug\</path>
         <kind>archive</kind>
         <file>C55XXCSL_LP.lib</file>
         <name>vectors.obj</name>
      </input_file>
      <input_file id="fl-15">
         <path>F:\dsp_filter\project_example_sine_750hz_1khz\ccs_v6.x_examples\BUILD_DSPLIB\Debug\</path>
         <kind>archive</kind>
         <file>dsp.lib</file>
         <name>fir2.obj</name>
      </input_file>
      <input_file id="fl-16">
         <path>C:\ti\ccsv8\tools\compiler\lib\</path>
         <kind>archive</kind>
         <file>rts55x.lib</file>
         <name>boot.obj</name>
      </input_file>
      <input_file id="fl-17">
         <path>C:\ti\ccsv8\tools\compiler\lib\</path>
         <kind>archive</kind>
         <file>rts55x.lib</file>
         <name>defs.obj</name>
      </input_file>
      <input_file id="fl-18">
         <path>C:\ti\ccsv8\tools\compiler\lib\</path>
         <kind>archive</kind>
         <file>rts55x.lib</file>
         <name>divul.obj</name>
      </input_file>
      <input_file id="fl-19">
         <path>C:\ti\ccsv8\tools\compiler\lib\</path>
         <kind>archive</kind>
         <file>rts55x.lib</file>
         <name>exit.obj</name>
      </input_file>
      <input_file id="fl-1a">
         <path>C:\ti\ccsv8\tools\compiler\lib\</path>
         <kind>archive</kind>
         <file>rts55x.lib</file>
         <name>fflush.obj</name>
      </input_file>
      <input_file id="fl-1b">
         <path>C:\ti\ccsv8\tools\compiler\lib\</path>
         <kind>archive</kind>
         <file>rts55x.lib</file>
         <name>fixdul.obj</name>
      </input_file>
      <input_file id="fl-1c">
         <path>C:\ti\ccsv8\tools\compiler\lib\</path>
         <kind>archive</kind>
         <file>rts55x.lib</file>
         <name>fltuld.obj</name>
      </input_file>
      <input_file id="fl-1d">
         <path>C:\ti\ccsv8\tools\compiler\lib\</path>
         <kind>archive</kind>
         <file>rts55x.lib</file>
         <name>fscanf.obj</name>
      </input_file>
      <input_file id="fl-1e">
         <path>C:\ti\ccsv8\tools\compiler\lib\</path>
         <kind>archive</kind>
         <file>rts55x.lib</file>
         <name>lmpy.obj</name>
      </input_file>
      <input_file id="fl-1f">
         <path>C:\ti\ccsv8\tools\compiler\lib\</path>
         <kind>archive</kind>
         <file>rts55x.lib</file>
         <name>lowlev.obj</name>
      </input_file>
      <input_file id="fl-20">
         <path>C:\ti\ccsv8\tools\compiler\lib\</path>
         <kind>archive</kind>
         <file>rts55x.lib</file>
         <name>memset.obj</name>
      </input_file>
      <input_file id="fl-21">
         <path>C:\ti\ccsv8\tools\compiler\lib\</path>
         <kind>archive</kind>
         <file>rts55x.lib</file>
         <name>mpyd.obj</name>
      </input_file>
      <input_file id="fl-22">
         <path>C:\ti\ccsv8\tools\compiler\lib\</path>
         <kind>archive</kind>
         <file>rts55x.lib</file>
         <name>printf.obj</name>
      </input_file>
      <input_file id="fl-23">
         <path>C:\ti\ccsv8\tools\compiler\lib\</path>
         <kind>archive</kind>
         <file>rts55x.lib</file>
         <name>remul.obj</name>
      </input_file>
      <input_file id="fl-24">
         <path>C:\ti\ccsv8\tools\compiler\lib\</path>
         <kind>archive</kind>
         <file>rts55x.lib</file>
         <name>strlen.obj</name>
      </input_file>
      <input_file id="fl-25">
         <path>C:\ti\ccsv8\tools\compiler\lib\</path>
         <kind>archive</kind>
         <file>rts55x.lib</file>
         <name>trgdrv.obj</name>
      </input_file>
      <input_file id="fl-26">
         <path>C:\ti\ccsv8\tools\compiler\lib\</path>
         <kind>archive</kind>
         <file>rts55x.lib</file>
         <name>trgmsg.obj</name>
      </input_file>
      <input_file id="fl-27">
         <path>C:\ti\ccsv8\tools\compiler\lib\</path>
         <kind>archive</kind>
         <file>rts55x.lib</file>
         <name>udiv.obj</name>
      </input_file>
      <input_file id="fl-28">
         <path>C:\ti\ccsv8\tools\compiler\lib\</path>
         <kind>archive</kind>
         <file>rts55x.lib</file>
         <name>ungetc.obj</name>
      </input_file>
      <input_file id="fl-29">
         <path>C:\ti\ccsv8\tools\compiler\lib\</path>
         <kind>archive</kind>
         <file>rts55x.lib</file>
         <name>vectors.obj</name>
      </input_file>
      <input_file id="fl-2a">
         <path>C:\ti\ccsv8\tools\compiler\lib\</path>
         <kind>archive</kind>
         <file>rts55x.lib</file>
         <name>vsprintf.obj</name>
      </input_file>
      <input_file id="fl-2b">
         <path>C:\ti\ccsv8\tools\compiler\lib\</path>
         <kind>archive</kind>
         <file>rts55x.lib</file>
         <name>_lock.obj</name>
      </input_file>
      <input_file id="fl-2c">
         <path>C:\ti\ccsv8\tools\compiler\lib\</path>
         <kind>archive</kind>
         <file>rts55x.lib</file>
         <name>_printfi.obj</name>
      </input_file>
      <input_file id="fl-2d">
         <path>C:\ti\ccsv8\tools\compiler\lib\</path>
         <kind>archive</kind>
         <file>rts55x.lib</file>
         <name>_scanfi.obj</name>
      </input_file>
      <input_file id="fl-2e">
         <path>C:\ti\ccsv8\tools\compiler\lib\</path>
         <kind>archive</kind>
         <file>rts55x.lib</file>
         <name>args_main.obj</name>
      </input_file>
      <input_file id="fl-2f">
         <path>C:\ti\ccsv8\tools\compiler\lib\</path>
         <kind>archive</kind>
         <file>rts55x.lib</file>
         <name>atoi.obj</name>
      </input_file>
      <input_file id="fl-30">
         <path>C:\ti\ccsv8\tools\compiler\lib\</path>
         <kind>archive</kind>
         <file>rts55x.lib</file>
         <name>autoinit.obj</name>
      </input_file>
      <input_file id="fl-31">
         <path>C:\ti\ccsv8\tools\compiler\lib\</path>
         <kind>archive</kind>
         <file>rts55x.lib</file>
         <name>cmpd.obj</name>
      </input_file>
      <input_file id="fl-32">
         <path>C:\ti\ccsv8\tools\compiler\lib\</path>
         <kind>archive</kind>
         <file>rts55x.lib</file>
         <name>ctype.obj</name>
      </input_file>
      <input_file id="fl-33">
         <path>C:\ti\ccsv8\tools\compiler\lib\</path>
         <kind>archive</kind>
         <file>rts55x.lib</file>
         <name>divd.obj</name>
      </input_file>
      <input_file id="fl-34">
         <path>C:\ti\ccsv8\tools\compiler\lib\</path>
         <kind>archive</kind>
         <file>rts55x.lib</file>
         <name>fgetc.obj</name>
      </input_file>
      <input_file id="fl-35">
         <path>C:\ti\ccsv8\tools\compiler\lib\</path>
         <kind>archive</kind>
         <file>rts55x.lib</file>
         <name>fixdi.obj</name>
      </input_file>
      <input_file id="fl-36">
         <path>C:\ti\ccsv8\tools\compiler\lib\</path>
         <kind>archive</kind>
         <file>rts55x.lib</file>
         <name>fixdli.obj</name>
      </input_file>
      <input_file id="fl-37">
         <path>C:\ti\ccsv8\tools\compiler\lib\</path>
         <kind>archive</kind>
         <file>rts55x.lib</file>
         <name>fltlid.obj</name>
      </input_file>
      <input_file id="fl-38">
         <path>C:\ti\ccsv8\tools\compiler\lib\</path>
         <kind>archive</kind>
         <file>rts55x.lib</file>
         <name>fputc.obj</name>
      </input_file>
      <input_file id="fl-39">
         <path>C:\ti\ccsv8\tools\compiler\lib\</path>
         <kind>archive</kind>
         <file>rts55x.lib</file>
         <name>fputs.obj</name>
      </input_file>
      <input_file id="fl-3a">
         <path>C:\ti\ccsv8\tools\compiler\lib\</path>
         <kind>archive</kind>
         <file>rts55x.lib</file>
         <name>frcmpyd.obj</name>
      </input_file>
      <input_file id="fl-3b">
         <path>C:\ti\ccsv8\tools\compiler\lib\</path>
         <kind>archive</kind>
         <file>rts55x.lib</file>
         <name>frcmpyd_div.obj</name>
      </input_file>
      <input_file id="fl-3c">
         <path>C:\ti\ccsv8\tools\compiler\lib\</path>
         <kind>archive</kind>
         <file>rts55x.lib</file>
         <name>isinf.obj</name>
      </input_file>
      <input_file id="fl-3d">
         <path>C:\ti\ccsv8\tools\compiler\lib\</path>
         <kind>archive</kind>
         <file>rts55x.lib</file>
         <name>llmpy.obj</name>
      </input_file>
      <input_file id="fl-3e">
         <path>C:\ti\ccsv8\tools\compiler\lib\</path>
         <kind>archive</kind>
         <file>rts55x.lib</file>
         <name>ltoa.obj</name>
      </input_file>
      <input_file id="fl-3f">
         <path>C:\ti\ccsv8\tools\compiler\lib\</path>
         <kind>archive</kind>
         <file>rts55x.lib</file>
         <name>memccpy.obj</name>
      </input_file>
      <input_file id="fl-40">
         <path>C:\ti\ccsv8\tools\compiler\lib\</path>
         <kind>archive</kind>
         <file>rts55x.lib</file>
         <name>memcpy.obj</name>
      </input_file>
      <input_file id="fl-41">
         <path>C:\ti\ccsv8\tools\compiler\lib\</path>
         <kind>archive</kind>
         <file>rts55x.lib</file>
         <name>negd.obj</name>
      </input_file>
      <input_file id="fl-42">
         <path>C:\ti\ccsv8\tools\compiler\lib\</path>
         <kind>archive</kind>
         <file>rts55x.lib</file>
         <name>remli.obj</name>
      </input_file>
      <input_file id="fl-43">
         <path>C:\ti\ccsv8\tools\compiler\lib\</path>
         <kind>archive</kind>
         <file>rts55x.lib</file>
         <name>setvbuf.obj</name>
      </input_file>
      <input_file id="fl-44">
         <path>C:\ti\ccsv8\tools\compiler\lib\</path>
         <kind>archive</kind>
         <file>rts55x.lib</file>
         <name>strtod.obj</name>
      </input_file>
      <input_file id="fl-45">
         <path>C:\ti\ccsv8\tools\compiler\lib\</path>
         <kind>archive</kind>
         <file>rts55x.lib</file>
         <name>strtol.obj</name>
      </input_file>
      <input_file id="fl-46">
         <path>C:\ti\ccsv8\tools\compiler\lib\</path>
         <kind>archive</kind>
         <file>rts55x.lib</file>
         <name>strtold.obj</name>
      </input_file>
      <input_file id="fl-47">
         <path>C:\ti\ccsv8\tools\compiler\lib\</path>
         <kind>archive</kind>
         <file>rts55x.lib</file>
         <name>strtoll.obj</name>
      </input_file>
      <input_file id="fl-48">
         <path>C:\ti\ccsv8\tools\compiler\lib\</path>
         <kind>archive</kind>
         <file>rts55x.lib</file>
         <name>strtoul.obj</name>
      </input_file>
      <input_file id="fl-49">
         <path>C:\ti\ccsv8\tools\compiler\lib\</path>
         <kind>archive</kind>
         <file>rts55x.lib</file>
         <name>strtoull.obj</name>
      </input_file>
      <input_file id="fl-4a">
         <path>C:\ti\ccsv8\tools\compiler\lib\</path>
         <kind>archive</kind>
         <file>rts55x.lib</file>
         <name>subd.obj</name>
      </input_file>
      <input_file id="fl-4b">
         <path>C:\ti\ccsv8\tools\compiler\lib\</path>
         <kind>archive</kind>
         <file>rts55x.lib</file>
         <name>_bufread.obj</name>
      </input_file>
      <input_file id="fl-4c">
         <path>C:\ti\ccsv8\tools\compiler\lib\</path>
         <kind>archive</kind>
         <file>rts55x.lib</file>
         <name>_io_perm.obj</name>
      </input_file>
      <input_file id="fl-4d">
         <path>C:\ti\ccsv8\tools\compiler\lib\</path>
         <kind>archive</kind>
         <file>rts55x.lib</file>
         <name>addd.obj</name>
      </input_file>
      <input_file id="fl-4e">
         <path>C:\ti\ccsv8\tools\compiler\lib\</path>
         <kind>archive</kind>
         <file>rts55x.lib</file>
         <name>divli.obj</name>
      </input_file>
      <input_file id="fl-4f">
         <path>C:\ti\ccsv8\tools\compiler\lib\</path>
         <kind>archive</kind>
         <file>rts55x.lib</file>
         <name>errno.obj</name>
      </input_file>
      <input_file id="fl-50">
         <path>C:\ti\ccsv8\tools\compiler\lib\</path>
         <kind>archive</kind>
         <file>rts55x.lib</file>
         <name>fopen.obj</name>
      </input_file>
      <input_file id="fl-51">
         <path>C:\ti\ccsv8\tools\compiler\lib\</path>
         <kind>archive</kind>
         <file>rts55x.lib</file>
         <name>fseek.obj</name>
      </input_file>
      <input_file id="fl-52">
         <path>C:\ti\ccsv8\tools\compiler\lib\</path>
         <kind>archive</kind>
         <file>rts55x.lib</file>
         <name>idiv.obj</name>
      </input_file>
      <input_file id="fl-53">
         <path>C:\ti\ccsv8\tools\compiler\lib\</path>
         <kind>archive</kind>
         <file>rts55x.lib</file>
         <name>memory.obj</name>
      </input_file>
      <input_file id="fl-54">
         <path>C:\ti\ccsv8\tools\compiler\lib\</path>
         <kind>archive</kind>
         <file>rts55x.lib</file>
         <name>fclose.obj</name>
      </input_file>
      <input_file id="fl-55">
         <path>C:\ti\ccsv8\tools\compiler\lib\</path>
         <kind>archive</kind>
         <file>rts55x.lib</file>
         <name>remove.obj</name>
      </input_file>
   </input_file_list>
   <object_component_list>
      <object_component id="oc-5f">
         <name>vectors</name>
         <load_address>0x100</load_address>
         <run_address>0x100</run_address>
         <size>0x100</size>
         <input_file_ref idref="fl-14"/>
      </object_component>
      <object_component id="oc-bd">
         <name>vectors</name>
         <load_address>0x200</load_address>
         <run_address>0x200</run_address>
         <size>0x100</size>
         <input_file_ref idref="fl-29"/>
      </object_component>
      <object_component id="oc-cb">
         <name>.text</name>
         <load_address>0x8000</load_address>
         <run_address>0x8000</run_address>
         <size>0x15a4</size>
         <input_file_ref idref="fl-2c"/>
      </object_component>
      <object_component id="oc-48">
         <name>.text</name>
         <load_address>0x95a4</load_address>
         <run_address>0x95a4</run_address>
         <size>0x10d0</size>
         <input_file_ref idref="fl-10"/>
      </object_component>
      <object_component id="oc-d1">
         <name>.text</name>
         <load_address>0xa674</load_address>
         <run_address>0xa674</run_address>
         <size>0xedb</size>
         <input_file_ref idref="fl-2d"/>
      </object_component>
      <object_component id="oc-31">
         <name>.text</name>
         <load_address>0xb54f</load_address>
         <run_address>0xb54f</run_address>
         <size>0x95f</size>
         <input_file_ref idref="fl-c"/>
      </object_component>
      <object_component id="oc-17">
         <name>.text</name>
         <load_address>0xbeae</load_address>
         <run_address>0xbeae</run_address>
         <size>0x55f</size>
         <input_file_ref idref="fl-3"/>
      </object_component>
      <object_component id="oc-8f">
         <name>.text</name>
         <load_address>0xc40d</load_address>
         <run_address>0xc40d</run_address>
         <size>0x543</size>
         <input_file_ref idref="fl-1f"/>
      </object_component>
      <object_component id="oc-a9">
         <name>.text</name>
         <load_address>0xc950</load_address>
         <run_address>0xc950</run_address>
         <size>0x528</size>
         <input_file_ref idref="fl-25"/>
      </object_component>
      <object_component id="oc-38">
         <name>.text</name>
         <load_address>0xce78</load_address>
         <run_address>0xce78</run_address>
         <size>0x508</size>
         <input_file_ref idref="fl-d"/>
      </object_component>
      <object_component id="oc-16d">
         <name>.text</name>
         <load_address>0xd380</load_address>
         <run_address>0xd380</run_address>
         <size>0x4b5</size>
         <input_file_ref idref="fl-53"/>
      </object_component>
      <object_component id="oc-29">
         <name>.text</name>
         <load_address>0xd835</load_address>
         <run_address>0xd835</run_address>
         <size>0x43e</size>
         <input_file_ref idref="fl-5"/>
      </object_component>
      <object_component id="oc-e7">
         <name>.text</name>
         <load_address>0xdc73</load_address>
         <run_address>0xdc73</run_address>
         <size>0x3cc</size>
         <input_file_ref idref="fl-33"/>
      </object_component>
      <object_component id="oc-13b">
         <name>.text</name>
         <load_address>0xe03f</load_address>
         <run_address>0xe03f</run_address>
         <size>0x301</size>
         <input_file_ref idref="fl-47"/>
      </object_component>
      <object_component id="oc-12d">
         <name>.text</name>
         <load_address>0xe340</load_address>
         <run_address>0xe340</run_address>
         <size>0x2bd</size>
         <input_file_ref idref="fl-44"/>
      </object_component>
      <object_component id="oc-136">
         <name>.text</name>
         <load_address>0xe5fd</load_address>
         <run_address>0xe5fd</run_address>
         <size>0x29f</size>
         <input_file_ref idref="fl-46"/>
      </object_component>
      <object_component id="oc-15f">
         <name>.text</name>
         <load_address>0xe89c</load_address>
         <run_address>0xe89c</run_address>
         <size>0x27f</size>
         <input_file_ref idref="fl-50"/>
      </object_component>
      <object_component id="oc-12">
         <name>.text</name>
         <load_address>0xeb1b</load_address>
         <run_address>0xeb1b</run_address>
         <size>0x25f</size>
         <input_file_ref idref="fl-2"/>
      </object_component>
      <object_component id="oc-42">
         <name>.text</name>
         <load_address>0xed7a</load_address>
         <run_address>0xed7a</run_address>
         <size>0x25e</size>
         <input_file_ref idref="fl-f"/>
      </object_component>
      <object_component id="oc-111">
         <name>.text</name>
         <load_address>0xefd8</load_address>
         <run_address>0xefd8</run_address>
         <size>0x25e</size>
         <input_file_ref idref="fl-3d"/>
      </object_component>
      <object_component id="oc-153">
         <name>.text</name>
         <load_address>0xf236</load_address>
         <run_address>0xf236</run_address>
         <size>0x25a</size>
         <input_file_ref idref="fl-4d"/>
      </object_component>
      <object_component id="oc-143">
         <name>.text</name>
         <load_address>0xf490</load_address>
         <run_address>0xf490</run_address>
         <size>0x24b</size>
         <input_file_ref idref="fl-49"/>
      </object_component>
      <object_component id="oc-132">
         <name>.text</name>
         <load_address>0xf6db</load_address>
         <run_address>0xf6db</run_address>
         <size>0x208</size>
         <input_file_ref idref="fl-45"/>
      </object_component>
      <object_component id="oc-e1">
         <name>.text</name>
         <load_address>0xf8e3</load_address>
         <run_address>0xf8e3</run_address>
         <size>0x1ea</size>
         <input_file_ref idref="fl-31"/>
      </object_component>
      <object_component id="oc-13f">
         <name>.text</name>
         <load_address>0xfacd</load_address>
         <run_address>0xfacd</run_address>
         <size>0x1d1</size>
         <input_file_ref idref="fl-48"/>
      </object_component>
      <object_component id="oc-100">
         <name>.text</name>
         <load_address>0xfc9e</load_address>
         <run_address>0xfc9e</run_address>
         <size>0x163</size>
         <input_file_ref idref="fl-39"/>
      </object_component>
      <object_component id="oc-87">
         <name>.text</name>
         <load_address>0xfe01</load_address>
         <run_address>0xfe01</run_address>
         <size>0x161</size>
         <input_file_ref idref="fl-1d"/>
      </object_component>
      <object_component id="oc-59">
         <name>.text</name>
         <load_address>0xff62</load_address>
         <run_address>0xff62</run_address>
         <size>0x14e</size>
         <input_file_ref idref="fl-13"/>
      </object_component>
      <object_component id="oc-99">
         <name>.text</name>
         <load_address>0x100b0</load_address>
         <run_address>0x100b0</run_address>
         <size>0x14c</size>
         <input_file_ref idref="fl-21"/>
      </object_component>
      <object_component id="oc-52">
         <name>.text</name>
         <load_address>0x101fc</load_address>
         <run_address>0x101fc</run_address>
         <size>0x137</size>
         <input_file_ref idref="fl-12"/>
      </object_component>
      <object_component id="oc-129">
         <name>.text</name>
         <load_address>0x10333</load_address>
         <run_address>0x10333</run_address>
         <size>0xe6</size>
         <input_file_ref idref="fl-43"/>
      </object_component>
      <object_component id="oc-14f">
         <name>.text</name>
         <load_address>0x10419</load_address>
         <run_address>0x10419</run_address>
         <size>0xdd</size>
         <input_file_ref idref="fl-4c"/>
      </object_component>
      <object_component id="oc-20">
         <name>.text</name>
         <load_address>0x104f6</load_address>
         <run_address>0x104f6</run_address>
         <size>0xc6</size>
         <input_file_ref idref="fl-4"/>
      </object_component>
      <object_component id="oc-7a">
         <name>.text</name>
         <load_address>0x105bc</load_address>
         <run_address>0x105bc</run_address>
         <size>0xc2</size>
         <input_file_ref idref="fl-1a"/>
      </object_component>
      <object_component id="oc-b1">
         <name>.text:CIO_breakpoint</name>
         <load_address>0x1067e</load_address>
         <run_address>0x1067e</run_address>
         <size>0xba</size>
         <input_file_ref idref="fl-26"/>
      </object_component>
      <object_component id="oc-14b">
         <name>.text</name>
         <load_address>0x10738</load_address>
         <run_address>0x10738</run_address>
         <size>0xae</size>
         <input_file_ref idref="fl-4b"/>
      </object_component>
      <object_component id="oc-fc">
         <name>.text</name>
         <load_address>0x107e6</load_address>
         <run_address>0x107e6</run_address>
         <size>0xa6</size>
         <input_file_ref idref="fl-38"/>
      </object_component>
      <object_component id="oc-24">
         <name>.text:retain</name>
         <load_address>0x1088c</load_address>
         <run_address>0x1088c</run_address>
         <size>0xa3</size>
         <input_file_ref idref="fl-4"/>
      </object_component>
      <object_component id="oc-6f">
         <name>.text</name>
         <load_address>0x1092f</load_address>
         <run_address>0x1092f</run_address>
         <size>0xa1</size>
         <input_file_ref idref="fl-18"/>
      </object_component>
      <object_component id="oc-eb">
         <name>.text</name>
         <load_address>0x109d0</load_address>
         <run_address>0x109d0</run_address>
         <size>0x9b</size>
         <input_file_ref idref="fl-34"/>
      </object_component>
      <object_component id="oc-b8">
         <name>.text</name>
         <load_address>0x10a6b</load_address>
         <run_address>0x10a6b</run_address>
         <size>0x9a</size>
         <input_file_ref idref="fl-28"/>
      </object_component>
      <object_component id="oc-3e">
         <name>.text</name>
         <load_address>0x10b05</load_address>
         <run_address>0x10b05</run_address>
         <size>0x8c</size>
         <input_file_ref idref="fl-e"/>
      </object_component>
      <object_component id="oc-115">
         <name>.text</name>
         <load_address>0x10b91</load_address>
         <run_address>0x10b91</run_address>
         <size>0x7d</size>
         <input_file_ref idref="fl-3e"/>
      </object_component>
      <object_component id="oc-63">
         <name>.text</name>
         <load_address>0x10c0e</load_address>
         <run_address>0x10c0e</run_address>
         <size>0x7b</size>
         <input_file_ref idref="fl-15"/>
      </object_component>
      <object_component id="oc-174">
         <name>.text</name>
         <load_address>0x10c89</load_address>
         <run_address>0x10c89</run_address>
         <size>0x7b</size>
         <input_file_ref idref="fl-54"/>
      </object_component>
      <object_component id="oc-7e">
         <name>.text</name>
         <load_address>0x10d04</load_address>
         <run_address>0x10d04</run_address>
         <size>0x77</size>
         <input_file_ref idref="fl-1b"/>
      </object_component>
      <object_component id="oc-105">
         <name>.text</name>
         <load_address>0x10d7b</load_address>
         <run_address>0x10d7b</run_address>
         <size>0x76</size>
         <input_file_ref idref="fl-3a"/>
      </object_component>
      <object_component id="oc-109">
         <name>.text</name>
         <load_address>0x10df1</load_address>
         <run_address>0x10df1</run_address>
         <size>0x73</size>
         <input_file_ref idref="fl-3b"/>
      </object_component>
      <object_component id="oc-a1">
         <name>.text</name>
         <load_address>0x10e64</load_address>
         <run_address>0x10e64</run_address>
         <size>0x72</size>
         <input_file_ref idref="fl-23"/>
      </object_component>
      <object_component id="oc-f3">
         <name>.text</name>
         <load_address>0x10ed6</load_address>
         <run_address>0x10ed6</run_address>
         <size>0x6f</size>
         <input_file_ref idref="fl-36"/>
      </object_component>
      <object_component id="oc-5e">
         <name>.text</name>
         <load_address>0x10f45</load_address>
         <run_address>0x10f45</run_address>
         <size>0x6d</size>
         <input_file_ref idref="fl-14"/>
      </object_component>
      <object_component id="oc-ae">
         <name>.text</name>
         <load_address>0x10fb2</load_address>
         <run_address>0x10fb2</run_address>
         <size>0x6d</size>
         <input_file_ref idref="fl-26"/>
      </object_component>
      <object_component id="oc-165">
         <name>.text</name>
         <load_address>0x1101f</load_address>
         <run_address>0x1101f</run_address>
         <size>0x6b</size>
         <input_file_ref idref="fl-51"/>
      </object_component>
      <object_component id="oc-c1">
         <name>.text</name>
         <load_address>0x1108a</load_address>
         <run_address>0x1108a</run_address>
         <size>0x6a</size>
         <input_file_ref idref="fl-2a"/>
      </object_component>
      <object_component id="oc-f7">
         <name>.text</name>
         <load_address>0x110f4</load_address>
         <run_address>0x110f4</run_address>
         <size>0x67</size>
         <input_file_ref idref="fl-37"/>
      </object_component>
      <object_component id="oc-d9">
         <name>.text</name>
         <load_address>0x1115b</load_address>
         <run_address>0x1115b</run_address>
         <size>0x5c</size>
         <input_file_ref idref="fl-2f"/>
      </object_component>
      <object_component id="oc-82">
         <name>.text</name>
         <load_address>0x111b7</load_address>
         <run_address>0x111b7</run_address>
         <size>0x5b</size>
         <input_file_ref idref="fl-1c"/>
      </object_component>
      <object_component id="oc-4d">
         <name>.text</name>
         <load_address>0x11212</load_address>
         <run_address>0x11212</run_address>
         <size>0x54</size>
         <input_file_ref idref="fl-11"/>
      </object_component>
      <object_component id="oc-9d">
         <name>.text</name>
         <load_address>0x11266</load_address>
         <run_address>0x11266</run_address>
         <size>0x50</size>
         <input_file_ref idref="fl-22"/>
      </object_component>
      <object_component id="oc-dd">
         <name>.text</name>
         <load_address>0x112b6</load_address>
         <run_address>0x112b6</run_address>
         <size>0x4d</size>
         <input_file_ref idref="fl-30"/>
      </object_component>
      <object_component id="oc-d5">
         <name>.text</name>
         <load_address>0x11303</load_address>
         <run_address>0x11303</run_address>
         <size>0x4b</size>
         <input_file_ref idref="fl-2e"/>
      </object_component>
      <object_component id="oc-125">
         <name>.text</name>
         <load_address>0x1134e</load_address>
         <run_address>0x1134e</run_address>
         <size>0x4b</size>
         <input_file_ref idref="fl-42"/>
      </object_component>
      <object_component id="oc-157">
         <name>.text</name>
         <load_address>0x11399</load_address>
         <run_address>0x11399</run_address>
         <size>0x48</size>
         <input_file_ref idref="fl-4e"/>
      </object_component>
      <object_component id="oc-11d">
         <name>.text</name>
         <load_address>0x113e1</load_address>
         <run_address>0x113e1</run_address>
         <size>0x3f</size>
         <input_file_ref idref="fl-40"/>
      </object_component>
      <object_component id="oc-73">
         <name>.text</name>
         <load_address>0x11420</load_address>
         <run_address>0x11420</run_address>
         <size>0x3e</size>
         <input_file_ref idref="fl-19"/>
      </object_component>
      <object_component id="oc-169">
         <name>.text</name>
         <load_address>0x1145e</load_address>
         <run_address>0x1145e</run_address>
         <size>0x3c</size>
         <input_file_ref idref="fl-52"/>
      </object_component>
      <object_component id="oc-11">
         <name>.text</name>
         <load_address>0x1149a</load_address>
         <run_address>0x1149a</run_address>
         <size>0x34</size>
         <input_file_ref idref="fl-16"/>
      </object_component>
      <object_component id="oc-ef">
         <name>.text</name>
         <load_address>0x114ce</load_address>
         <run_address>0x114ce</run_address>
         <size>0x2a</size>
         <input_file_ref idref="fl-35"/>
      </object_component>
      <object_component id="oc-b4">
         <name>.text</name>
         <load_address>0x114f8</load_address>
         <run_address>0x114f8</run_address>
         <size>0x2a</size>
         <input_file_ref idref="fl-27"/>
      </object_component>
      <object_component id="oc-119">
         <name>.text</name>
         <load_address>0x11522</load_address>
         <run_address>0x11522</run_address>
         <size>0x23</size>
         <input_file_ref idref="fl-3f"/>
      </object_component>
      <object_component id="oc-10d">
         <name>.text</name>
         <load_address>0x11545</load_address>
         <run_address>0x11545</run_address>
         <size>0x1a</size>
         <input_file_ref idref="fl-3c"/>
      </object_component>
      <object_component id="oc-147">
         <name>.text</name>
         <load_address>0x1155f</load_address>
         <run_address>0x1155f</run_address>
         <size>0x14</size>
         <input_file_ref idref="fl-4a"/>
      </object_component>
      <object_component id="oc-8b">
         <name>.text</name>
         <load_address>0x11573</load_address>
         <run_address>0x11573</run_address>
         <size>0x13</size>
         <input_file_ref idref="fl-1e"/>
      </object_component>
      <object_component id="oc-c5">
         <name>.text</name>
         <load_address>0x11586</load_address>
         <run_address>0x11586</run_address>
         <size>0x12</size>
         <input_file_ref idref="fl-2b"/>
      </object_component>
      <object_component id="oc-95">
         <name>.text</name>
         <load_address>0x11598</load_address>
         <run_address>0x11598</run_address>
         <size>0x11</size>
         <input_file_ref idref="fl-20"/>
      </object_component>
      <object_component id="oc-a5">
         <name>.text</name>
         <load_address>0x115a9</load_address>
         <run_address>0x115a9</run_address>
         <size>0x11</size>
         <input_file_ref idref="fl-24"/>
      </object_component>
      <object_component id="oc-121">
         <name>.text</name>
         <load_address>0x115ba</load_address>
         <run_address>0x115ba</run_address>
         <size>0x10</size>
         <input_file_ref idref="fl-41"/>
      </object_component>
      <object_component id="oc-178">
         <name>.text</name>
         <load_address>0x115ca</load_address>
         <run_address>0x115ca</run_address>
         <size>0xa</size>
         <input_file_ref idref="fl-55"/>
      </object_component>
      <object_component id="oc-77">
         <name>.text:CIO_breakpoint</name>
         <load_address>0x115d4</load_address>
         <run_address>0x115d4</run_address>
         <size>0x7</size>
         <input_file_ref idref="fl-19"/>
      </object_component>
      <object_component id="oc-bc">
         <name>.text</name>
         <load_address>0x115db</load_address>
         <run_address>0x115db</run_address>
         <size>0x2</size>
         <input_file_ref idref="fl-29"/>
      </object_component>
      <object_component id="oc-67">
         <name>.stack</name>
         <uninitialized>true</uninitialized>
         <run_address>0x115e0</run_address>
         <size>0x0</size>
         <input_file_ref idref="fl-16"/>
      </object_component>
      <object_component id="oc-19f">
         <name>.stack</name>
         <uninitialized>true</uninitialized>
         <run_address>0x115e0</run_address>
         <size>0x0</size>
      </object_component>
      <object_component id="oc-17c">
         <name>.sysstack</name>
         <uninitialized>true</uninitialized>
         <run_address>0x135e0</run_address>
         <size>0x0</size>
         <input_file_ref idref="fl-16"/>
      </object_component>
      <object_component id="oc-1a1">
         <name>.sysstack</name>
         <uninitialized>true</uninitialized>
         <run_address>0x135e0</run_address>
         <size>0x0</size>
      </object_component>
      <object_component id="oc-2a">
         <name>.bss</name>
         <load_address>0x155e0</load_address>
         <run_address>0x155e0</run_address>
         <size>0x430</size>
         <input_file_ref idref="fl-5"/>
      </object_component>
      <object_component id="oc-6b">
         <name>.bss</name>
         <load_address>0x15a10</load_address>
         <run_address>0x15a10</run_address>
         <size>0x232</size>
         <input_file_ref idref="fl-17"/>
      </object_component>
      <object_component id="oc-18">
         <name>.bss</name>
         <load_address>0x15c42</load_address>
         <run_address>0x15c42</run_address>
         <size>0x1b2</size>
         <input_file_ref idref="fl-3"/>
      </object_component>
      <object_component id="oc-aa">
         <name>.bss</name>
         <load_address>0x15df4</load_address>
         <run_address>0x15df4</run_address>
         <size>0x1a0</size>
         <input_file_ref idref="fl-25"/>
      </object_component>
      <object_component id="oc-21">
         <name>.bss</name>
         <load_address>0x15f94</load_address>
         <run_address>0x15f94</run_address>
         <size>0x110</size>
         <input_file_ref idref="fl-4"/>
      </object_component>
      <object_component id="oc-39">
         <name>.bss</name>
         <load_address>0x160a4</load_address>
         <run_address>0x160a4</run_address>
         <size>0x108</size>
         <input_file_ref idref="fl-d"/>
      </object_component>
      <object_component id="oc-90">
         <name>.bss</name>
         <load_address>0x161ac</load_address>
         <run_address>0x161ac</run_address>
         <size>0xe2</size>
         <input_file_ref idref="fl-1f"/>
      </object_component>
      <object_component id="oc-32">
         <name>.bss</name>
         <load_address>0x1628e</load_address>
         <run_address>0x1628e</run_address>
         <size>0x54</size>
         <input_file_ref idref="fl-c"/>
      </object_component>
      <object_component id="oc-15b">
         <name>.bss</name>
         <load_address>0x162e2</load_address>
         <run_address>0x162e2</run_address>
         <size>0x2</size>
         <input_file_ref idref="fl-4f"/>
      </object_component>
      <object_component id="oc-16e">
         <name>.bss</name>
         <load_address>0x162e4</load_address>
         <run_address>0x162e4</run_address>
         <size>0xc</size>
         <input_file_ref idref="fl-53"/>
      </object_component>
      <object_component id="oc-c6">
         <name>.bss</name>
         <load_address>0x162f0</load_address>
         <run_address>0x162f0</run_address>
         <size>0x8</size>
         <input_file_ref idref="fl-2b"/>
      </object_component>
      <object_component id="oc-74">
         <name>.bss</name>
         <load_address>0x162f8</load_address>
         <run_address>0x162f8</run_address>
         <size>0x8</size>
         <input_file_ref idref="fl-19"/>
      </object_component>
      <object_component id="oc-43">
         <name>.bss</name>
         <load_address>0x16300</load_address>
         <run_address>0x16300</run_address>
         <size>0x6</size>
         <input_file_ref idref="fl-f"/>
      </object_component>
      <object_component id="oc-160">
         <name>.bss</name>
         <load_address>0x16306</load_address>
         <run_address>0x16306</run_address>
         <size>0x2</size>
         <input_file_ref idref="fl-50"/>
      </object_component>
      <object_component id="oc-53">
         <name>.bss</name>
         <load_address>0x16308</load_address>
         <run_address>0x16308</run_address>
         <size>0x4</size>
         <input_file_ref idref="fl-12"/>
      </object_component>
      <object_component id="oc-1a">
         <name>.cinit</name>
         <load_address>0x1630c</load_address>
         <run_address>0x1630c</run_address>
         <size>0x1d6</size>
         <input_file_ref idref="fl-3"/>
      </object_component>
      <object_component id="oc-92">
         <name>.cinit</name>
         <load_address>0x164e2</load_address>
         <run_address>0x164e2</run_address>
         <size>0x5a</size>
         <input_file_ref idref="fl-1f"/>
      </object_component>
      <object_component id="oc-6d">
         <name>.cinit</name>
         <load_address>0x1653c</load_address>
         <run_address>0x1653c</run_address>
         <size>0x54</size>
         <input_file_ref idref="fl-17"/>
      </object_component>
      <object_component id="oc-2c">
         <name>.cinit</name>
         <load_address>0x16590</load_address>
         <run_address>0x16590</run_address>
         <size>0x2c</size>
         <input_file_ref idref="fl-5"/>
      </object_component>
      <object_component id="oc-c8">
         <name>.cinit</name>
         <load_address>0x165bc</load_address>
         <run_address>0x165bc</run_address>
         <size>0x14</size>
         <input_file_ref idref="fl-2b"/>
      </object_component>
      <object_component id="oc-76">
         <name>.cinit</name>
         <load_address>0x165d0</load_address>
         <run_address>0x165d0</run_address>
         <size>0x14</size>
         <input_file_ref idref="fl-19"/>
      </object_component>
      <object_component id="oc-34">
         <name>.cinit</name>
         <load_address>0x165e4</load_address>
         <run_address>0x165e4</run_address>
         <size>0x10</size>
         <input_file_ref idref="fl-c"/>
      </object_component>
      <object_component id="oc-23">
         <name>.cinit</name>
         <load_address>0x165f4</load_address>
         <run_address>0x165f4</run_address>
         <size>0x10</size>
         <input_file_ref idref="fl-4"/>
      </object_component>
      <object_component id="oc-55">
         <name>.cinit</name>
         <load_address>0x16604</load_address>
         <run_address>0x16604</run_address>
         <size>0xa</size>
         <input_file_ref idref="fl-12"/>
      </object_component>
      <object_component id="oc-15d">
         <name>.cinit</name>
         <load_address>0x1660e</load_address>
         <run_address>0x1660e</run_address>
         <size>0x8</size>
         <input_file_ref idref="fl-4f"/>
      </object_component>
      <object_component id="oc-162">
         <name>.cinit</name>
         <load_address>0x16616</load_address>
         <run_address>0x16616</run_address>
         <size>0x8</size>
         <input_file_ref idref="fl-50"/>
      </object_component>
      <object_component id="oc-170">
         <name>.cinit</name>
         <load_address>0x1661e</load_address>
         <run_address>0x1661e</run_address>
         <size>0x8</size>
         <input_file_ref idref="fl-53"/>
      </object_component>
      <object_component id="oc-2d">
         <name>.const:.string</name>
         <load_address>0x57d4</load_address>
         <run_address>0x57d4</run_address>
         <size>0x43c</size>
         <input_file_ref idref="fl-5"/>
      </object_component>
      <object_component id="oc-17d">
         <name>.const:_arPN9</name>
         <load_address>0x5c10</load_address>
         <run_address>0x5c10</run_address>
         <size>0x400</size>
         <input_file_ref idref="fl-3"/>
      </object_component>
      <object_component id="oc-17f">
         <name>.const:__ctypes_</name>
         <load_address>0x6010</load_address>
         <run_address>0x6010</run_address>
         <size>0x202</size>
         <input_file_ref idref="fl-32"/>
      </object_component>
      <object_component id="oc-25">
         <name>.const:.string</name>
         <load_address>0x6214</load_address>
         <run_address>0x6214</run_address>
         <size>0x98</size>
         <input_file_ref idref="fl-4"/>
      </object_component>
      <object_component id="oc-1c">
         <name>.const:.string</name>
         <load_address>0x62ac</load_address>
         <run_address>0x62ac</run_address>
         <size>0x90</size>
         <input_file_ref idref="fl-3"/>
      </object_component>
      <object_component id="oc-ce">
         <name>.const:.string</name>
         <load_address>0x633c</load_address>
         <run_address>0x633c</run_address>
         <size>0x48</size>
         <input_file_ref idref="fl-2c"/>
      </object_component>
      <object_component id="oc-183">
         <name>.const:_digits</name>
         <load_address>0x6384</load_address>
         <run_address>0x6384</run_address>
         <size>0x28</size>
         <input_file_ref idref="fl-44"/>
      </object_component>
      <object_component id="oc-185">
         <name>.const:_digits</name>
         <load_address>0x63ac</load_address>
         <run_address>0x63ac</run_address>
         <size>0x28</size>
         <input_file_ref idref="fl-46"/>
      </object_component>
      <object_component id="oc-184">
         <name>.const:_powerof10</name>
         <load_address>0x63d4</load_address>
         <run_address>0x63d4</run_address>
         <size>0x18</size>
         <input_file_ref idref="fl-44"/>
      </object_component>
      <object_component id="oc-186">
         <name>.const:_powerof10</name>
         <load_address>0x63ec</load_address>
         <run_address>0x63ec</run_address>
         <size>0x18</size>
         <input_file_ref idref="fl-46"/>
      </object_component>
      <object_component id="oc-cd">
         <name>.const</name>
         <load_address>0x6404</load_address>
         <run_address>0x6404</run_address>
         <size>0x18</size>
         <input_file_ref idref="fl-2c"/>
      </object_component>
      <object_component id="oc-182">
         <name>.const:_initial_approx$1</name>
         <load_address>0x641c</load_address>
         <run_address>0x641c</run_address>
         <size>0x10</size>
         <input_file_ref idref="fl-33"/>
      </object_component>
      <object_component id="oc-12f">
         <name>.const</name>
         <load_address>0x642c</load_address>
         <run_address>0x642c</run_address>
         <size>0x10</size>
         <input_file_ref idref="fl-44"/>
      </object_component>
      <object_component id="oc-138">
         <name>.const</name>
         <load_address>0x643c</load_address>
         <run_address>0x643c</run_address>
         <size>0x10</size>
         <input_file_ref idref="fl-46"/>
      </object_component>
      <object_component id="oc-180">
         <name>.const:_flit$1</name>
         <load_address>0x644c</load_address>
         <run_address>0x644c</run_address>
         <size>0xe</size>
         <input_file_ref idref="fl-2d"/>
      </object_component>
      <object_component id="oc-181">
         <name>.const:_barr$2</name>
         <load_address>0x645a</load_address>
         <run_address>0x645a</run_address>
         <size>0xc</size>
         <input_file_ref idref="fl-2d"/>
      </object_component>
      <object_component id="oc-102">
         <name>.const:.string</name>
         <load_address>0x6468</load_address>
         <run_address>0x6468</run_address>
         <size>0x4</size>
         <input_file_ref idref="fl-39"/>
      </object_component>
      <object_component id="oc-f9">
         <name>.const</name>
         <load_address>0x646c</load_address>
         <run_address>0x646c</run_address>
         <size>0x4</size>
         <input_file_ref idref="fl-37"/>
      </object_component>
      <object_component id="oc-84">
         <name>.const</name>
         <load_address>0x6470</load_address>
         <run_address>0x6470</run_address>
         <size>0x4</size>
         <input_file_ref idref="fl-1c"/>
      </object_component>
      <object_component id="oc-17e">
         <name>.switch:_SYS_setEBSR</name>
         <load_address>0x66b8</load_address>
         <run_address>0x66b8</run_address>
         <size>0x24</size>
         <input_file_ref idref="fl-f"/>
      </object_component>
      <object_component id="oc-171">
         <name>.sysmem</name>
         <uninitialized>true</uninitialized>
         <run_address>0x400</run_address>
         <size>0x0</size>
         <input_file_ref idref="fl-53"/>
      </object_component>
      <object_component id="oc-1a0">
         <name>.sysmem</name>
         <uninitialized>true</uninitialized>
         <run_address>0x400</run_address>
         <size>0x0</size>
      </object_component>
      <object_component id="oc-b0">
         <name>.cio</name>
         <uninitialized>true</uninitialized>
         <run_address>0x6478</run_address>
         <size>0x240</size>
         <input_file_ref idref="fl-26"/>
      </object_component>
      <object_component id="oc-1b">
         <name>.buffer3</name>
         <uninitialized>true</uninitialized>
         <run_address>0x4380</run_address>
         <size>0x1454</size>
         <input_file_ref idref="fl-3"/>
      </object_component>
      <object_component id="oc-13">
         <name>.debug_info</name>
         <load_address>0x0</load_address>
         <run_address>0x0</run_address>
         <size>0xd63</size>
         <input_file_ref idref="fl-2"/>
      </object_component>
      <object_component id="oc-19">
         <name>.debug_info</name>
         <load_address>0xd63</load_address>
         <run_address>0xd63</run_address>
         <size>0x10bf</size>
         <input_file_ref idref="fl-3"/>
      </object_component>
      <object_component id="oc-22">
         <name>.debug_info</name>
         <load_address>0x1e22</load_address>
         <run_address>0x1e22</run_address>
         <size>0x1616</size>
         <input_file_ref idref="fl-4"/>
      </object_component>
      <object_component id="oc-2b">
         <name>.debug_info</name>
         <load_address>0x3438</load_address>
         <run_address>0x3438</run_address>
         <size>0x1f63</size>
         <input_file_ref idref="fl-5"/>
      </object_component>
      <object_component id="oc-33">
         <name>.debug_info</name>
         <load_address>0x539b</load_address>
         <run_address>0x539b</run_address>
         <size>0x249c</size>
         <input_file_ref idref="fl-c"/>
      </object_component>
      <object_component id="oc-3a">
         <name>.debug_info</name>
         <load_address>0x7837</load_address>
         <run_address>0x7837</run_address>
         <size>0x1bd2</size>
         <input_file_ref idref="fl-d"/>
      </object_component>
      <object_component id="oc-3f">
         <name>.debug_info</name>
         <load_address>0x9409</load_address>
         <run_address>0x9409</run_address>
         <size>0x18d</size>
         <input_file_ref idref="fl-e"/>
      </object_component>
      <object_component id="oc-44">
         <name>.debug_info</name>
         <load_address>0x9596</load_address>
         <run_address>0x9596</run_address>
         <size>0x11ed</size>
         <input_file_ref idref="fl-f"/>
      </object_component>
      <object_component id="oc-49">
         <name>.debug_info</name>
         <load_address>0xa783</load_address>
         <run_address>0xa783</run_address>
         <size>0x3a08</size>
         <input_file_ref idref="fl-10"/>
      </object_component>
      <object_component id="oc-4e">
         <name>.debug_info</name>
         <load_address>0xe18b</load_address>
         <run_address>0xe18b</run_address>
         <size>0x80b</size>
         <input_file_ref idref="fl-11"/>
      </object_component>
      <object_component id="oc-54">
         <name>.debug_info</name>
         <load_address>0xe996</load_address>
         <run_address>0xe996</run_address>
         <size>0xdbe</size>
         <input_file_ref idref="fl-12"/>
      </object_component>
      <object_component id="oc-5a">
         <name>.debug_info</name>
         <load_address>0xf754</load_address>
         <run_address>0xf754</run_address>
         <size>0xd4e</size>
         <input_file_ref idref="fl-13"/>
      </object_component>
      <object_component id="oc-60">
         <name>.debug_info</name>
         <load_address>0x104a2</load_address>
         <run_address>0x104a2</run_address>
         <size>0x1a2</size>
         <input_file_ref idref="fl-14"/>
      </object_component>
      <object_component id="oc-64">
         <name>.debug_info</name>
         <load_address>0x10644</load_address>
         <run_address>0x10644</run_address>
         <size>0x157</size>
         <input_file_ref idref="fl-15"/>
      </object_component>
      <object_component id="oc-68">
         <name>.debug_info</name>
         <load_address>0x1079b</load_address>
         <run_address>0x1079b</run_address>
         <size>0xe8</size>
         <input_file_ref idref="fl-16"/>
      </object_component>
      <object_component id="oc-6c">
         <name>.debug_info</name>
         <load_address>0x10883</load_address>
         <run_address>0x10883</run_address>
         <size>0x57e</size>
         <input_file_ref idref="fl-17"/>
      </object_component>
      <object_component id="oc-70">
         <name>.debug_info</name>
         <load_address>0x10e01</load_address>
         <run_address>0x10e01</run_address>
         <size>0x534</size>
         <input_file_ref idref="fl-18"/>
      </object_component>
      <object_component id="oc-75">
         <name>.debug_info</name>
         <load_address>0x11335</load_address>
         <run_address>0x11335</run_address>
         <size>0x5fb</size>
         <input_file_ref idref="fl-19"/>
      </object_component>
      <object_component id="oc-7b">
         <name>.debug_info</name>
         <load_address>0x11930</load_address>
         <run_address>0x11930</run_address>
         <size>0x706</size>
         <input_file_ref idref="fl-1a"/>
      </object_component>
      <object_component id="oc-7f">
         <name>.debug_info</name>
         <load_address>0x12036</load_address>
         <run_address>0x12036</run_address>
         <size>0x534</size>
         <input_file_ref idref="fl-1b"/>
      </object_component>
      <object_component id="oc-83">
         <name>.debug_info</name>
         <load_address>0x1256a</load_address>
         <run_address>0x1256a</run_address>
         <size>0x549</size>
         <input_file_ref idref="fl-1c"/>
      </object_component>
      <object_component id="oc-88">
         <name>.debug_info</name>
         <load_address>0x12ab3</load_address>
         <run_address>0x12ab3</run_address>
         <size>0xa2d</size>
         <input_file_ref idref="fl-1d"/>
      </object_component>
      <object_component id="oc-8c">
         <name>.debug_info</name>
         <load_address>0x134e0</load_address>
         <run_address>0x134e0</run_address>
         <size>0xbd</size>
         <input_file_ref idref="fl-1e"/>
      </object_component>
      <object_component id="oc-91">
         <name>.debug_info</name>
         <load_address>0x1359d</load_address>
         <run_address>0x1359d</run_address>
         <size>0x144b</size>
         <input_file_ref idref="fl-1f"/>
      </object_component>
      <object_component id="oc-96">
         <name>.debug_info</name>
         <load_address>0x149e8</load_address>
         <run_address>0x149e8</run_address>
         <size>0x59d</size>
         <input_file_ref idref="fl-20"/>
      </object_component>
      <object_component id="oc-9a">
         <name>.debug_info</name>
         <load_address>0x14f85</load_address>
         <run_address>0x14f85</run_address>
         <size>0x55b</size>
         <input_file_ref idref="fl-21"/>
      </object_component>
      <object_component id="oc-9e">
         <name>.debug_info</name>
         <load_address>0x154e0</load_address>
         <run_address>0x154e0</run_address>
         <size>0x76c</size>
         <input_file_ref idref="fl-22"/>
      </object_component>
      <object_component id="oc-a2">
         <name>.debug_info</name>
         <load_address>0x15c4c</load_address>
         <run_address>0x15c4c</run_address>
         <size>0x534</size>
         <input_file_ref idref="fl-23"/>
      </object_component>
      <object_component id="oc-a6">
         <name>.debug_info</name>
         <load_address>0x16180</load_address>
         <run_address>0x16180</run_address>
         <size>0x589</size>
         <input_file_ref idref="fl-24"/>
      </object_component>
      <object_component id="oc-ab">
         <name>.debug_info</name>
         <load_address>0x16709</load_address>
         <run_address>0x16709</run_address>
         <size>0xed4</size>
         <input_file_ref idref="fl-25"/>
      </object_component>
      <object_component id="oc-af">
         <name>.debug_info</name>
         <load_address>0x175dd</load_address>
         <run_address>0x175dd</run_address>
         <size>0x744</size>
         <input_file_ref idref="fl-26"/>
      </object_component>
      <object_component id="oc-b5">
         <name>.debug_info</name>
         <load_address>0x17d21</load_address>
         <run_address>0x17d21</run_address>
         <size>0xef</size>
         <input_file_ref idref="fl-27"/>
      </object_component>
      <object_component id="oc-b9">
         <name>.debug_info</name>
         <load_address>0x17e10</load_address>
         <run_address>0x17e10</run_address>
         <size>0x5c9</size>
         <input_file_ref idref="fl-28"/>
      </object_component>
      <object_component id="oc-be">
         <name>.debug_info</name>
         <load_address>0x183d9</load_address>
         <run_address>0x183d9</run_address>
         <size>0xbc</size>
         <input_file_ref idref="fl-29"/>
      </object_component>
      <object_component id="oc-c2">
         <name>.debug_info</name>
         <load_address>0x18495</load_address>
         <run_address>0x18495</run_address>
         <size>0x6dc</size>
         <input_file_ref idref="fl-2a"/>
      </object_component>
      <object_component id="oc-c7">
         <name>.debug_info</name>
         <load_address>0x18b71</load_address>
         <run_address>0x18b71</run_address>
         <size>0x5bc</size>
         <input_file_ref idref="fl-2b"/>
      </object_component>
      <object_component id="oc-cc">
         <name>.debug_info</name>
         <load_address>0x1912d</load_address>
         <run_address>0x1912d</run_address>
         <size>0x27bd</size>
         <input_file_ref idref="fl-2c"/>
      </object_component>
      <object_component id="oc-d2">
         <name>.debug_info</name>
         <load_address>0x1b8ea</load_address>
         <run_address>0x1b8ea</run_address>
         <size>0x1964</size>
         <input_file_ref idref="fl-2d"/>
      </object_component>
      <object_component id="oc-d6">
         <name>.debug_info</name>
         <load_address>0x1d24e</load_address>
         <run_address>0x1d24e</run_address>
         <size>0x586</size>
         <input_file_ref idref="fl-2e"/>
      </object_component>
      <object_component id="oc-da">
         <name>.debug_info</name>
         <load_address>0x1d7d4</load_address>
         <run_address>0x1d7d4</run_address>
         <size>0x5a4</size>
         <input_file_ref idref="fl-2f"/>
      </object_component>
      <object_component id="oc-de">
         <name>.debug_info</name>
         <load_address>0x1dd78</load_address>
         <run_address>0x1dd78</run_address>
         <size>0xcd</size>
         <input_file_ref idref="fl-30"/>
      </object_component>
      <object_component id="oc-e2">
         <name>.debug_info</name>
         <load_address>0x1de45</load_address>
         <run_address>0x1de45</run_address>
         <size>0x81f</size>
         <input_file_ref idref="fl-31"/>
      </object_component>
      <object_component id="oc-e5">
         <name>.debug_info</name>
         <load_address>0x1e664</load_address>
         <run_address>0x1e664</run_address>
         <size>0x498</size>
         <input_file_ref idref="fl-32"/>
      </object_component>
      <object_component id="oc-e8">
         <name>.debug_info</name>
         <load_address>0x1eafc</load_address>
         <run_address>0x1eafc</run_address>
         <size>0x7e8</size>
         <input_file_ref idref="fl-33"/>
      </object_component>
      <object_component id="oc-ec">
         <name>.debug_info</name>
         <load_address>0x1f2e4</load_address>
         <run_address>0x1f2e4</run_address>
         <size>0x670</size>
         <input_file_ref idref="fl-34"/>
      </object_component>
      <object_component id="oc-f0">
         <name>.debug_info</name>
         <load_address>0x1f954</load_address>
         <run_address>0x1f954</run_address>
         <size>0x4cf</size>
         <input_file_ref idref="fl-35"/>
      </object_component>
      <object_component id="oc-f4">
         <name>.debug_info</name>
         <load_address>0x1fe23</load_address>
         <run_address>0x1fe23</run_address>
         <size>0x534</size>
         <input_file_ref idref="fl-36"/>
      </object_component>
      <object_component id="oc-f8">
         <name>.debug_info</name>
         <load_address>0x20357</load_address>
         <run_address>0x20357</run_address>
         <size>0x549</size>
         <input_file_ref idref="fl-37"/>
      </object_component>
      <object_component id="oc-fd">
         <name>.debug_info</name>
         <load_address>0x208a0</load_address>
         <run_address>0x208a0</run_address>
         <size>0x6aa</size>
         <input_file_ref idref="fl-38"/>
      </object_component>
      <object_component id="oc-101">
         <name>.debug_info</name>
         <load_address>0x20f4a</load_address>
         <run_address>0x20f4a</run_address>
         <size>0x942</size>
         <input_file_ref idref="fl-39"/>
      </object_component>
      <object_component id="oc-106">
         <name>.debug_info</name>
         <load_address>0x2188c</load_address>
         <run_address>0x2188c</run_address>
         <size>0x4d2</size>
         <input_file_ref idref="fl-3a"/>
      </object_component>
      <object_component id="oc-10a">
         <name>.debug_info</name>
         <load_address>0x21d5e</load_address>
         <run_address>0x21d5e</run_address>
         <size>0x53e</size>
         <input_file_ref idref="fl-3b"/>
      </object_component>
      <object_component id="oc-10e">
         <name>.debug_info</name>
         <load_address>0x2229c</load_address>
         <run_address>0x2229c</run_address>
         <size>0x680</size>
         <input_file_ref idref="fl-3c"/>
      </object_component>
      <object_component id="oc-112">
         <name>.debug_info</name>
         <load_address>0x2291c</load_address>
         <run_address>0x2291c</run_address>
         <size>0x7d4</size>
         <input_file_ref idref="fl-3d"/>
      </object_component>
      <object_component id="oc-116">
         <name>.debug_info</name>
         <load_address>0x230f0</load_address>
         <run_address>0x230f0</run_address>
         <size>0x5ad</size>
         <input_file_ref idref="fl-3e"/>
      </object_component>
      <object_component id="oc-11a">
         <name>.debug_info</name>
         <load_address>0x2369d</load_address>
         <run_address>0x2369d</run_address>
         <size>0x574</size>
         <input_file_ref idref="fl-3f"/>
      </object_component>
      <object_component id="oc-11e">
         <name>.debug_info</name>
         <load_address>0x23c11</load_address>
         <run_address>0x23c11</run_address>
         <size>0xd1</size>
         <input_file_ref idref="fl-40"/>
      </object_component>
      <object_component id="oc-122">
         <name>.debug_info</name>
         <load_address>0x23ce2</load_address>
         <run_address>0x23ce2</run_address>
         <size>0x4b7</size>
         <input_file_ref idref="fl-41"/>
      </object_component>
      <object_component id="oc-126">
         <name>.debug_info</name>
         <load_address>0x24199</load_address>
         <run_address>0x24199</run_address>
         <size>0x4f2</size>
         <input_file_ref idref="fl-42"/>
      </object_component>
      <object_component id="oc-12a">
         <name>.debug_info</name>
         <load_address>0x2468b</load_address>
         <run_address>0x2468b</run_address>
         <size>0x64a</size>
         <input_file_ref idref="fl-43"/>
      </object_component>
      <object_component id="oc-12e">
         <name>.debug_info</name>
         <load_address>0x24cd5</load_address>
         <run_address>0x24cd5</run_address>
         <size>0x84f</size>
         <input_file_ref idref="fl-44"/>
      </object_component>
      <object_component id="oc-133">
         <name>.debug_info</name>
         <load_address>0x25524</load_address>
         <run_address>0x25524</run_address>
         <size>0x671</size>
         <input_file_ref idref="fl-45"/>
      </object_component>
      <object_component id="oc-137">
         <name>.debug_info</name>
         <load_address>0x25b95</load_address>
         <run_address>0x25b95</run_address>
         <size>0x860</size>
         <input_file_ref idref="fl-46"/>
      </object_component>
      <object_component id="oc-13c">
         <name>.debug_info</name>
         <load_address>0x263f5</load_address>
         <run_address>0x263f5</run_address>
         <size>0x67d</size>
         <input_file_ref idref="fl-47"/>
      </object_component>
      <object_component id="oc-140">
         <name>.debug_info</name>
         <load_address>0x26a72</load_address>
         <run_address>0x26a72</run_address>
         <size>0x65a</size>
         <input_file_ref idref="fl-48"/>
      </object_component>
      <object_component id="oc-144">
         <name>.debug_info</name>
         <load_address>0x270cc</load_address>
         <run_address>0x270cc</run_address>
         <size>0x665</size>
         <input_file_ref idref="fl-49"/>
      </object_component>
      <object_component id="oc-148">
         <name>.debug_info</name>
         <load_address>0x27731</load_address>
         <run_address>0x27731</run_address>
         <size>0x4de</size>
         <input_file_ref idref="fl-4a"/>
      </object_component>
      <object_component id="oc-14c">
         <name>.debug_info</name>
         <load_address>0x27c0f</load_address>
         <run_address>0x27c0f</run_address>
         <size>0x6b8</size>
         <input_file_ref idref="fl-4b"/>
      </object_component>
      <object_component id="oc-150">
         <name>.debug_info</name>
         <load_address>0x282c7</load_address>
         <run_address>0x282c7</run_address>
         <size>0x662</size>
         <input_file_ref idref="fl-4c"/>
      </object_component>
      <object_component id="oc-154">
         <name>.debug_info</name>
         <load_address>0x28929</load_address>
         <run_address>0x28929</run_address>
         <size>0x5ab</size>
         <input_file_ref idref="fl-4d"/>
      </object_component>
      <object_component id="oc-158">
         <name>.debug_info</name>
         <load_address>0x28ed4</load_address>
         <run_address>0x28ed4</run_address>
         <size>0x4f2</size>
         <input_file_ref idref="fl-4e"/>
      </object_component>
      <object_component id="oc-15c">
         <name>.debug_info</name>
         <load_address>0x293c6</load_address>
         <run_address>0x293c6</run_address>
         <size>0x47b</size>
         <input_file_ref idref="fl-4f"/>
      </object_component>
      <object_component id="oc-161">
         <name>.debug_info</name>
         <load_address>0x29841</load_address>
         <run_address>0x29841</run_address>
         <size>0xa1c</size>
         <input_file_ref idref="fl-50"/>
      </object_component>
      <object_component id="oc-166">
         <name>.debug_info</name>
         <load_address>0x2a25d</load_address>
         <run_address>0x2a25d</run_address>
         <size>0x5f7</size>
         <input_file_ref idref="fl-51"/>
      </object_component>
      <object_component id="oc-16a">
         <name>.debug_info</name>
         <load_address>0x2a854</load_address>
         <run_address>0x2a854</run_address>
         <size>0xeb</size>
         <input_file_ref idref="fl-52"/>
      </object_component>
      <object_component id="oc-16f">
         <name>.debug_info</name>
         <load_address>0x2a93f</load_address>
         <run_address>0x2a93f</run_address>
         <size>0xb97</size>
         <input_file_ref idref="fl-53"/>
      </object_component>
      <object_component id="oc-175">
         <name>.debug_info</name>
         <load_address>0x2b4d6</load_address>
         <run_address>0x2b4d6</run_address>
         <size>0x64f</size>
         <input_file_ref idref="fl-54"/>
      </object_component>
      <object_component id="oc-179">
         <name>.debug_info</name>
         <load_address>0x2bb25</load_address>
         <run_address>0x2bb25</run_address>
         <size>0x510</size>
         <input_file_ref idref="fl-55"/>
      </object_component>
      <object_component id="oc-1a3">
         <name>.debug_info</name>
         <load_address>0x2c035</load_address>
         <run_address>0x2c035</run_address>
         <size>0x6e</size>
      </object_component>
      <object_component id="oc-14">
         <name>.debug_frame</name>
         <load_address>0x0</load_address>
         <run_address>0x0</run_address>
         <size>0x11f</size>
         <input_file_ref idref="fl-2"/>
      </object_component>
      <object_component id="oc-1d">
         <name>.debug_frame</name>
         <load_address>0x11f</load_address>
         <run_address>0x11f</run_address>
         <size>0x104</size>
         <input_file_ref idref="fl-3"/>
      </object_component>
      <object_component id="oc-26">
         <name>.debug_frame</name>
         <load_address>0x223</load_address>
         <run_address>0x223</run_address>
         <size>0x13e</size>
         <input_file_ref idref="fl-4"/>
      </object_component>
      <object_component id="oc-2e">
         <name>.debug_frame</name>
         <load_address>0x361</load_address>
         <run_address>0x361</run_address>
         <size>0x173</size>
         <input_file_ref idref="fl-5"/>
      </object_component>
      <object_component id="oc-35">
         <name>.debug_frame</name>
         <load_address>0x4d4</load_address>
         <run_address>0x4d4</run_address>
         <size>0x196</size>
         <input_file_ref idref="fl-c"/>
      </object_component>
      <object_component id="oc-3b">
         <name>.debug_frame</name>
         <load_address>0x66a</load_address>
         <run_address>0x66a</run_address>
         <size>0x2a1</size>
         <input_file_ref idref="fl-d"/>
      </object_component>
      <object_component id="oc-45">
         <name>.debug_frame</name>
         <load_address>0x90b</load_address>
         <run_address>0x90b</run_address>
         <size>0x11f</size>
         <input_file_ref idref="fl-f"/>
      </object_component>
      <object_component id="oc-4a">
         <name>.debug_frame</name>
         <load_address>0xa2a</load_address>
         <run_address>0xa2a</run_address>
         <size>0x30e</size>
         <input_file_ref idref="fl-10"/>
      </object_component>
      <object_component id="oc-4f">
         <name>.debug_frame</name>
         <load_address>0xd38</load_address>
         <run_address>0xd38</run_address>
         <size>0x116</size>
         <input_file_ref idref="fl-11"/>
      </object_component>
      <object_component id="oc-56">
         <name>.debug_frame</name>
         <load_address>0xe4e</load_address>
         <run_address>0xe4e</run_address>
         <size>0x14a</size>
         <input_file_ref idref="fl-12"/>
      </object_component>
      <object_component id="oc-5b">
         <name>.debug_frame</name>
         <load_address>0xf98</load_address>
         <run_address>0xf98</run_address>
         <size>0x157</size>
         <input_file_ref idref="fl-13"/>
      </object_component>
      <object_component id="oc-15">
         <name>.debug_line</name>
         <load_address>0x0</load_address>
         <run_address>0x0</run_address>
         <size>0xc7</size>
         <input_file_ref idref="fl-2"/>
      </object_component>
      <object_component id="oc-1e">
         <name>.debug_line</name>
         <load_address>0xc7</load_address>
         <run_address>0xc7</run_address>
         <size>0x210</size>
         <input_file_ref idref="fl-3"/>
      </object_component>
      <object_component id="oc-27">
         <name>.debug_line</name>
         <load_address>0x2d7</load_address>
         <run_address>0x2d7</run_address>
         <size>0xb2</size>
         <input_file_ref idref="fl-4"/>
      </object_component>
      <object_component id="oc-2f">
         <name>.debug_line</name>
         <load_address>0x389</load_address>
         <run_address>0x389</run_address>
         <size>0x1d3</size>
         <input_file_ref idref="fl-5"/>
      </object_component>
      <object_component id="oc-36">
         <name>.debug_line</name>
         <load_address>0x55c</load_address>
         <run_address>0x55c</run_address>
         <size>0x448</size>
         <input_file_ref idref="fl-c"/>
      </object_component>
      <object_component id="oc-3c">
         <name>.debug_line</name>
         <load_address>0x9a4</load_address>
         <run_address>0x9a4</run_address>
         <size>0x2fd</size>
         <input_file_ref idref="fl-d"/>
      </object_component>
      <object_component id="oc-40">
         <name>.debug_line</name>
         <load_address>0xca1</load_address>
         <run_address>0xca1</run_address>
         <size>0xab</size>
         <input_file_ref idref="fl-e"/>
      </object_component>
      <object_component id="oc-46">
         <name>.debug_line</name>
         <load_address>0xd4c</load_address>
         <run_address>0xd4c</run_address>
         <size>0x1c4</size>
         <input_file_ref idref="fl-f"/>
      </object_component>
      <object_component id="oc-4b">
         <name>.debug_line</name>
         <load_address>0xf10</load_address>
         <run_address>0xf10</run_address>
         <size>0x7fb</size>
         <input_file_ref idref="fl-10"/>
      </object_component>
      <object_component id="oc-50">
         <name>.debug_line</name>
         <load_address>0x170b</load_address>
         <run_address>0x170b</run_address>
         <size>0xad</size>
         <input_file_ref idref="fl-11"/>
      </object_component>
      <object_component id="oc-57">
         <name>.debug_line</name>
         <load_address>0x17b8</load_address>
         <run_address>0x17b8</run_address>
         <size>0x147</size>
         <input_file_ref idref="fl-12"/>
      </object_component>
      <object_component id="oc-5c">
         <name>.debug_line</name>
         <load_address>0x18ff</load_address>
         <run_address>0x18ff</run_address>
         <size>0x114</size>
         <input_file_ref idref="fl-13"/>
      </object_component>
      <object_component id="oc-61">
         <name>.debug_line</name>
         <load_address>0x1a13</load_address>
         <run_address>0x1a13</run_address>
         <size>0xa7</size>
         <input_file_ref idref="fl-14"/>
      </object_component>
      <object_component id="oc-65">
         <name>.debug_line</name>
         <load_address>0x1aba</load_address>
         <run_address>0x1aba</run_address>
         <size>0x93</size>
         <input_file_ref idref="fl-15"/>
      </object_component>
      <object_component id="oc-69">
         <name>.debug_line</name>
         <load_address>0x1b4d</load_address>
         <run_address>0x1b4d</run_address>
         <size>0x54</size>
         <input_file_ref idref="fl-16"/>
      </object_component>
      <object_component id="oc-71">
         <name>.debug_line</name>
         <load_address>0x1ba1</load_address>
         <run_address>0x1ba1</run_address>
         <size>0x44</size>
         <input_file_ref idref="fl-18"/>
      </object_component>
      <object_component id="oc-78">
         <name>.debug_line</name>
         <load_address>0x1be5</load_address>
         <run_address>0x1be5</run_address>
         <size>0x51</size>
         <input_file_ref idref="fl-19"/>
      </object_component>
      <object_component id="oc-7c">
         <name>.debug_line</name>
         <load_address>0x1c36</load_address>
         <run_address>0x1c36</run_address>
         <size>0x5b</size>
         <input_file_ref idref="fl-1a"/>
      </object_component>
      <object_component id="oc-80">
         <name>.debug_line</name>
         <load_address>0x1c91</load_address>
         <run_address>0x1c91</run_address>
         <size>0x3d</size>
         <input_file_ref idref="fl-1b"/>
      </object_component>
      <object_component id="oc-85">
         <name>.debug_line</name>
         <load_address>0x1cce</load_address>
         <run_address>0x1cce</run_address>
         <size>0x44</size>
         <input_file_ref idref="fl-1c"/>
      </object_component>
      <object_component id="oc-89">
         <name>.debug_line</name>
         <load_address>0x1d12</load_address>
         <run_address>0x1d12</run_address>
         <size>0xa7</size>
         <input_file_ref idref="fl-1d"/>
      </object_component>
      <object_component id="oc-8d">
         <name>.debug_line</name>
         <load_address>0x1db9</load_address>
         <run_address>0x1db9</run_address>
         <size>0x3c</size>
         <input_file_ref idref="fl-1e"/>
      </object_component>
      <object_component id="oc-93">
         <name>.debug_line</name>
         <load_address>0x1df5</load_address>
         <run_address>0x1df5</run_address>
         <size>0x1b0</size>
         <input_file_ref idref="fl-1f"/>
      </object_component>
      <object_component id="oc-97">
         <name>.debug_line</name>
         <load_address>0x1fa5</load_address>
         <run_address>0x1fa5</run_address>
         <size>0x52</size>
         <input_file_ref idref="fl-20"/>
      </object_component>
      <object_component id="oc-9b">
         <name>.debug_line</name>
         <load_address>0x1ff7</load_address>
         <run_address>0x1ff7</run_address>
         <size>0x3c</size>
         <input_file_ref idref="fl-21"/>
      </object_component>
      <object_component id="oc-9f">
         <name>.debug_line</name>
         <load_address>0x2033</load_address>
         <run_address>0x2033</run_address>
         <size>0x69</size>
         <input_file_ref idref="fl-22"/>
      </object_component>
      <object_component id="oc-a3">
         <name>.debug_line</name>
         <load_address>0x209c</load_address>
         <run_address>0x209c</run_address>
         <size>0x44</size>
         <input_file_ref idref="fl-23"/>
      </object_component>
      <object_component id="oc-a7">
         <name>.debug_line</name>
         <load_address>0x20e0</load_address>
         <run_address>0x20e0</run_address>
         <size>0x57</size>
         <input_file_ref idref="fl-24"/>
      </object_component>
      <object_component id="oc-ac">
         <name>.debug_line</name>
         <load_address>0x2137</load_address>
[...]
      <symbol id="sm-430">
         <name>__stack</name>
         <value>0x115e0</value>
         <object_component_ref idref="oc-67"/>
      </symbol>
      <symbol id="sm-43a">
         <name>__tmpnams</name>
         <value>0x15b00</value>
         <object_component_ref idref="oc-6b"/>
      </symbol>
      <symbol id="sm-43b">
         <name>__ft_end</name>
         <value>0x15c40</value>
         <object_component_ref idref="oc-6b"/>
      </symbol>
      <symbol id="sm-43c">
         <name>__ftable</name>
         <value>0x15a10</value>
         <object_component_ref idref="oc-6b"/>
      </symbol>
      <symbol id="sm-447">
         <name>__divul</name>
         <value>0x1092f</value>
         <object_component_ref idref="oc-6f"/>
      </symbol>
      <symbol id="sm-457">
         <name>C$$EXIT</name>
         <value>0x115d5</value>
         <object_component_ref idref="oc-77"/>
      </symbol>
      <symbol id="sm-458">
         <name>_exit</name>
         <value>0x11420</value>
         <object_component_ref idref="oc-73"/>
      </symbol>
      <symbol id="sm-459">
         <name>_abort</name>
         <value>0x115d4</value>
         <object_component_ref idref="oc-77"/>
      </symbol>
      <symbol id="sm-45a">
         <name>__cleanup_ptr</name>
         <value>0x162f8</value>
         <object_component_ref idref="oc-74"/>
      </symbol>
      <symbol id="sm-45b">
         <name>__dtors_ptr</name>
         <value>0x162fc</value>
         <object_component_ref idref="oc-74"/>
      </symbol>
      <symbol id="sm-465">
         <name>__doflush</name>
         <value>0x105bc</value>
         <object_component_ref idref="oc-7a"/>
      </symbol>
      <symbol id="sm-466">
         <name>_fflush</name>
         <value>0x10625</value>
         <object_component_ref idref="oc-7a"/>
      </symbol>
      <symbol id="sm-470">
         <name>__fixdul</name>
         <value>0x10d04</value>
         <object_component_ref idref="oc-7e"/>
      </symbol>
      <symbol id="sm-47c">
         <name>__fltuld</name>
         <value>0x111b7</value>
         <object_component_ref idref="oc-82"/>
      </symbol>
      <symbol id="sm-486">
         <name>_fscanf</name>
         <value>0xfe3d</value>
         <object_component_ref idref="oc-87"/>
      </symbol>
      <symbol id="sm-487">
         <name>_scanf</name>
         <value>0xfe01</value>
         <object_component_ref idref="oc-87"/>
      </symbol>
      <symbol id="sm-48f">
         <name>__mpyli</name>
         <value>0x11573</value>
         <object_component_ref idref="oc-8b"/>
      </symbol>
      <symbol id="sm-490">
         <name>I$$LMPY</name>
         <value>0x11573</value>
         <object_component_ref idref="oc-8b"/>
      </symbol>
      <symbol id="sm-4a2">
         <name>_add_device</name>
         <value>0xc860</value>
         <object_component_ref idref="oc-8f"/>
      </symbol>
      <symbol id="sm-4a3">
         <name>_rename</name>
         <value>0xc582</value>
         <object_component_ref idref="oc-8f"/>
      </symbol>
      <symbol id="sm-4a4">
         <name>_read</name>
         <value>0xc611</value>
         <object_component_ref idref="oc-8f"/>
      </symbol>
      <symbol id="sm-4a5">
         <name>_unlink</name>
         <value>0xc54f</value>
         <object_component_ref idref="oc-8f"/>
      </symbol>
      <symbol id="sm-4a6">
         <name>_remove_device</name>
         <value>0xc5db</value>
         <object_component_ref idref="oc-8f"/>
      </symbol>
      <symbol id="sm-4a7">
         <name>_open</name>
         <value>0xc6bf</value>
         <object_component_ref idref="oc-8f"/>
      </symbol>
      <symbol id="sm-4a8">
         <name>_find_registered_device</name>
         <value>0xc7e4</value>
         <object_component_ref idref="oc-8f"/>
      </symbol>
      <symbol id="sm-4a9">
         <name>_lseek</name>
         <value>0xc77e</value>
         <object_component_ref idref="oc-8f"/>
      </symbol>
      <symbol id="sm-4aa">
         <name>_close</name>
         <value>0xc7ed</value>
         <object_component_ref idref="oc-8f"/>
      </symbol>
      <symbol id="sm-4ab">
         <name>_write</name>
         <value>0xc40d</value>
         <object_component_ref idref="oc-8f"/>
      </symbol>
      <symbol id="sm-4b5">
         <name>_memset</name>
         <value>0x11598</value>
         <object_component_ref idref="oc-95"/>
      </symbol>
      <symbol id="sm-4bf">
         <name>__mpyd</name>
         <value>0x100b0</value>
         <object_component_ref idref="oc-99"/>
      </symbol>
      <symbol id="sm-4c9">
         <name>_printf</name>
         <value>0x11266</value>
         <object_component_ref idref="oc-9d"/>
      </symbol>
      <symbol id="sm-4d4">
         <name>__remul</name>
         <value>0x10e64</value>
         <object_component_ref idref="oc-a1"/>
      </symbol>
      <symbol id="sm-4de">
         <name>_strlen</name>
         <value>0x115a9</value>
         <object_component_ref idref="oc-a5"/>
      </symbol>
      <symbol id="sm-4ea">
         <name>_HOSTopen</name>
         <value>0xcc5b</value>
         <object_component_ref idref="oc-a9"/>
      </symbol>
      <symbol id="sm-4eb">
         <name>_HOSTread</name>
         <value>0xcbce</value>
         <object_component_ref idref="oc-a9"/>
      </symbol>
      <symbol id="sm-4ec">
         <name>_HOSTtime</name>
         <value>0xcac2</value>
         <object_component_ref idref="oc-a9"/>
      </symbol>
      <symbol id="sm-4ed">
         <name>_getenv</name>
         <value>0xc950</value>
         <object_component_ref idref="oc-a9"/>
      </symbol>
      <symbol id="sm-4ee">
         <name>_HOSTrename</name>
         <value>0xcb20</value>
         <object_component_ref idref="oc-a9"/>
      </symbol>
      <symbol id="sm-4ef">
         <name>_HOSTclock</name>
         <value>0xce1a</value>
         <object_component_ref idref="oc-a9"/>
      </symbol>
      <symbol id="sm-4f0">
         <name>_HOSTwrite</name>
         <value>0xc9cb</value>
         <object_component_ref idref="oc-a9"/>
      </symbol>
      <symbol id="sm-4f1">
         <name>_HOSTlseek</name>
         <value>0xccfa</value>
         <object_component_ref idref="oc-a9"/>
      </symbol>
      <symbol id="sm-4f2">
         <name>_HOSTunlink</name>
         <value>0xca58</value>
         <object_component_ref idref="oc-a9"/>
      </symbol>
      <symbol id="sm-4f3">
         <name>_HOSTclose</name>
         <value>0xcdaf</value>
         <object_component_ref idref="oc-a9"/>
      </symbol>
      <symbol id="sm-505">
         <name>C$$IO$$</name>
         <value>0x10733</value>
         <object_component_ref idref="oc-b1"/>
      </symbol>
      <symbol id="sm-506">
         <name>__CIOBUF_</name>
         <value>0x6478</value>
         <object_component_ref idref="oc-b0"/>
      </symbol>
      <symbol id="sm-507">
         <name>_readmsg</name>
         <value>0x10fb2</value>
         <object_component_ref idref="oc-ae"/>
      </symbol>
      <symbol id="sm-508">
         <name>_writemsg</name>
         <value>0x1067e</value>
         <object_component_ref idref="oc-b1"/>
      </symbol>
      <symbol id="sm-510">
         <name>__remu</name>
         <value>0x1150d</value>
         <object_component_ref idref="oc-b4"/>
      </symbol>
      <symbol id="sm-511">
         <name>__divu</name>
         <value>0x114f8</value>
         <object_component_ref idref="oc-b4"/>
      </symbol>
      <symbol id="sm-512">
         <name>I$$UMOD</name>
         <value>0x1150d</value>
         <object_component_ref idref="oc-b4"/>
      </symbol>
      <symbol id="sm-513">
         <name>I$$UDIV</name>
         <value>0x114f8</value>
         <object_component_ref idref="oc-b4"/>
      </symbol>
      <symbol id="sm-51d">
         <name>_ungetc</name>
         <value>0x10a6b</value>
         <object_component_ref idref="oc-b8"/>
      </symbol>
      <symbol id="sm-527">
         <name>_Reset</name>
         <value>0x200</value>
         <object_component_ref idref="oc-bd"/>
      </symbol>
      <symbol id="sm-531">
         <name>_vsprintf</name>
         <value>0x1108a</value>
         <object_component_ref idref="oc-c1"/>
      </symbol>
      <symbol id="sm-53f">
         <name>__unlock</name>
         <value>0x162f4</value>
         <object_component_ref idref="oc-c6"/>
      </symbol>
      <symbol id="sm-540">
         <name>__lock</name>
         <value>0x162f0</value>
         <object_component_ref idref="oc-c6"/>
      </symbol>
      <symbol id="sm-541">
         <name>__register_lock</name>
         <value>0x1158e</value>
         <object_component_ref idref="oc-c5"/>
      </symbol>
      <symbol id="sm-542">
         <name>__nop</name>
         <value>0x11596</value>
         <object_component_ref idref="oc-c5"/>
      </symbol>
      <symbol id="sm-543">
         <name>__register_unlock</name>
         <value>0x11586</value>
         <object_component_ref idref="oc-c5"/>
      </symbol>
      <symbol id="sm-555">
         <name>__printfi</name>
         <value>0x9362</value>
         <object_component_ref idref="oc-cb"/>
      </symbol>
      <symbol id="sm-563">
         <name>__scanfi</name>
         <value>0xb047</value>
         <object_component_ref idref="oc-d1"/>
      </symbol>
      <symbol id="sm-56d">
         <name>__args_main</name>
         <value>0x11303</value>
         <object_component_ref idref="oc-d5"/>
      </symbol>
      <symbol id="sm-56e">
         <name>__TI_args_main</name>
         <value>0x1</value>
      </symbol>
      <symbol id="sm-578">
         <name>_atoi</name>
         <value>0x1115b</value>
         <object_component_ref idref="oc-d9"/>
      </symbol>
      <symbol id="sm-580">
         <name>_auto_init</name>
         <value>0x112b6</value>
         <object_component_ref idref="oc-dd"/>
      </symbol>
      <symbol id="sm-58a">
         <name>__eqld</name>
         <value>0xfa41</value>
         <object_component_ref idref="oc-e1"/>
      </symbol>
      <symbol id="sm-58b">
         <name>__cmpd</name>
         <value>0xfa75</value>
         <object_component_ref idref="oc-e1"/>
      </symbol>
      <symbol id="sm-58c">
         <name>__neqd</name>
         <value>0xf8e3</value>
         <object_component_ref idref="oc-e1"/>
      </symbol>
      <symbol id="sm-58d">
         <name>__gtrd</name>
         <value>0xf9ac</value>
         <object_component_ref idref="oc-e1"/>
      </symbol>
      <symbol id="sm-58e">
         <name>__geqd</name>
         <value>0xf9f7</value>
         <object_component_ref idref="oc-e1"/>
      </symbol>
      <symbol id="sm-58f">
         <name>__leqd</name>
         <value>0xf95f</value>
         <object_component_ref idref="oc-e1"/>
      </symbol>
      <symbol id="sm-590">
         <name>__lssd</name>
         <value>0xf917</value>
         <object_component_ref idref="oc-e1"/>
      </symbol>
      <symbol id="sm-598">
         <name>__ctypes_</name>
         <value>0x6010</value>
         <object_component_ref idref="oc-17f"/>
      </symbol>
      <symbol id="sm-5a4">
         <name>__divd</name>
         <value>0xdc73</value>
         <object_component_ref idref="oc-e7"/>
      </symbol>
      <symbol id="sm-5ae">
         <name>_getchar</name>
         <value>0x10a5c</value>
         <object_component_ref idref="oc-eb"/>
      </symbol>
      <symbol id="sm-5af">
         <name>_getc</name>
         <value>0x109d0</value>
         <object_component_ref idref="oc-eb"/>
      </symbol>
      <symbol id="sm-5b0">
         <name>_fgetc</name>
         <value>0x109d0</value>
         <object_component_ref idref="oc-eb"/>
      </symbol>
      <symbol id="sm-5ba">
         <name>__fixdi</name>
         <value>0x114ce</value>
         <object_component_ref idref="oc-ef"/>
      </symbol>
      <symbol id="sm-5c4">
         <name>__fixdli</name>
         <value>0x10ed6</value>
         <object_component_ref idref="oc-f3"/>
      </symbol>
      <symbol id="sm-5d0">
         <name>__fltlid</name>
         <value>0x110f4</value>
         <object_component_ref idref="oc-f7"/>
      </symbol>
      <symbol id="sm-5da">
         <name>_putchar</name>
         <value>0x1087d</value>
         <object_component_ref idref="oc-fc"/>
      </symbol>
      <symbol id="sm-5db">
         <name>_putc</name>
         <value>0x107e6</value>
         <object_component_ref idref="oc-fc"/>
      </symbol>
      <symbol id="sm-5dc">
         <name>_fputc</name>
         <value>0x107e6</value>
         <object_component_ref idref="oc-fc"/>
      </symbol>
      <symbol id="sm-5ea">
         <name>_puts</name>
         <value>0xfdd3</value>
         <object_component_ref idref="oc-100"/>
      </symbol>
      <symbol id="sm-5eb">
         <name>_fputs</name>
         <value>0xfc9e</value>
         <object_component_ref idref="oc-100"/>
      </symbol>
      <symbol id="sm-5f5">
         <name>__frcmpyd</name>
         <value>0x10d7b</value>
         <object_component_ref idref="oc-105"/>
      </symbol>
      <symbol id="sm-5ff">
         <name>__frcmpyd_div</name>
         <value>0x10df1</value>
         <object_component_ref idref="oc-109"/>
      </symbol>
      <symbol id="sm-609">
         <name>___isinf</name>
         <value>0x11545</value>
         <object_component_ref idref="oc-10d"/>
      </symbol>
      <symbol id="sm-613">
         <name>__divull</name>
         <value>0xf10d</value>
         <object_component_ref idref="oc-111"/>
      </symbol>
      <symbol id="sm-614">
         <name>__mpylli</name>
         <value>0xf055</value>
         <object_component_ref idref="oc-111"/>
      </symbol>
      <symbol id="sm-615">
         <name>__remlli</name>
         <value>0xf026</value>
         <object_component_ref idref="oc-111"/>
      </symbol>
      <symbol id="sm-616">
         <name>__divlli</name>
         <value>0xf201</value>
         <object_component_ref idref="oc-111"/>
      </symbol>
      <symbol id="sm-617">
         <name>__remull</name>
         <value>0xefd8</value>
         <object_component_ref idref="oc-111"/>
      </symbol>
      <symbol id="sm-621">
         <name>_ltoa</name>
         <value>0x10b91</value>
         <object_component_ref idref="oc-115"/>
      </symbol>
      <symbol id="sm-62c">
         <name>_memccpy</name>
         <value>0x11522</value>
         <object_component_ref idref="oc-119"/>
      </symbol>
      <symbol id="sm-634">
         <name>_memcpy</name>
         <value>0x113e1</value>
         <object_component_ref idref="oc-11d"/>
      </symbol>
      <symbol id="sm-63e">
         <name>__negd</name>
         <value>0x115ba</value>
         <object_component_ref idref="oc-121"/>
      </symbol>
      <symbol id="sm-648">
         <name>__remli</name>
         <value>0x1134e</value>
         <object_component_ref idref="oc-125"/>
      </symbol>
      <symbol id="sm-652">
         <name>_setvbuf</name>
         <value>0x10333</value>
         <object_component_ref idref="oc-129"/>
      </symbol>
      <symbol id="sm-662">
         <name>_strtod</name>
         <value>0xe340</value>
         <object_component_ref idref="oc-12d"/>
      </symbol>
      <symbol id="sm-66c">
         <name>_strtol</name>
         <value>0xf6db</value>
         <object_component_ref idref="oc-132"/>
      </symbol>
      <symbol id="sm-67c">
         <name>_strtold</name>
         <value>0xe5fd</value>
         <object_component_ref idref="oc-136"/>
      </symbol>
      <symbol id="sm-686">
         <name>_strtoll</name>
         <value>0xe03f</value>
         <object_component_ref idref="oc-13b"/>
      </symbol>
      <symbol id="sm-690">
         <name>_strtoul</name>
         <value>0xfacd</value>
         <object_component_ref idref="oc-13f"/>
      </symbol>
      <symbol id="sm-69a">
         <name>_strtoull</name>
         <value>0xf490</value>
         <object_component_ref idref="oc-143"/>
      </symbol>
      <symbol id="sm-6a4">
         <name>__subd</name>
         <value>0x1155f</value>
         <object_component_ref idref="oc-147"/>
      </symbol>
      <symbol id="sm-6ae">
         <name>__buff_read</name>
         <value>0x10738</value>
         <object_component_ref idref="oc-14b"/>
      </symbol>
      <symbol id="sm-6b8">
         <name>__rd_ok</name>
         <value>0x10499</value>
         <object_component_ref idref="oc-14f"/>
      </symbol>
      <symbol id="sm-6b9">
         <name>__wrt_ok</name>
         <value>0x10419</value>
         <object_component_ref idref="oc-14f"/>
      </symbol>
      <symbol id="sm-6c3">
         <name>__addd</name>
         <value>0xf236</value>
         <object_component_ref idref="oc-153"/>
      </symbol>
      <symbol id="sm-6cd">
         <name>__divli</name>
         <value>0x11399</value>
         <object_component_ref idref="oc-157"/>
      </symbol>
      <symbol id="sm-6d7">
         <name>_errno</name>
         <value>0x162e2</value>
         <object_component_ref idref="oc-15b"/>
      </symbol>
      <symbol id="sm-6e6">
         <name>__cleanup</name>
         <value>0xe9bd</value>
         <object_component_ref idref="oc-15f"/>
      </symbol>
      <symbol id="sm-6e7">
         <name>_fopen</name>
         <value>0xeae0</value>
         <object_component_ref idref="oc-15f"/>
      </symbol>
      <symbol id="sm-6e8">
         <name>_freopen</name>
         <value>0xea17</value>
         <object_component_ref idref="oc-15f"/>
      </symbol>
      <symbol id="sm-6f2">
         <name>_fseek</name>
         <value>0x1101f</value>
         <object_component_ref idref="oc-165"/>
      </symbol>
      <symbol id="sm-6fa">
         <name>__remi</name>
         <value>0x1147d</value>
         <object_component_ref idref="oc-169"/>
      </symbol>
      <symbol id="sm-6fb">
         <name>__divi</name>
         <value>0x1145e</value>
         <object_component_ref idref="oc-169"/>
      </symbol>
      <symbol id="sm-6fc">
         <name>I$$MOD</name>
         <value>0x1147d</value>
         <object_component_ref idref="oc-169"/>
      </symbol>
      <symbol id="sm-6fd">
         <name>I$$DIV</name>
         <value>0x1145e</value>
         <object_component_ref idref="oc-169"/>
      </symbol>
      <symbol id="sm-70d">
         <name>__sys_memory</name>
         <value>0x400</value>
         <object_component_ref idref="oc-171"/>
      </symbol>
      <symbol id="sm-70e">
         <name>_chkheap</name>
         <value>0xd807</value>
         <object_component_ref idref="oc-16d"/>
      </symbol>
      <symbol id="sm-70f">
         <name>_realloc</name>
         <value>0xd5a6</value>
         <object_component_ref idref="oc-16d"/>
      </symbol>
      <symbol id="sm-710">
         <name>_free_memory</name>
         <value>0xd7b1</value>
         <object_component_ref idref="oc-16d"/>
      </symbol>
      <symbol id="sm-711">
         <name>_max_free</name>
         <value>0xd757</value>
         <object_component_ref idref="oc-16d"/>
      </symbol>
      <symbol id="sm-712">
         <name>_free</name>
         <value>0xd380</value>
         <object_component_ref idref="oc-16d"/>
      </symbol>
      <symbol id="sm-713">
         <name>_calloc</name>
         <value>0xd80f</value>
         <object_component_ref idref="oc-16d"/>
      </symbol>
      <symbol id="sm-714">
         <name>_malloc</name>
         <value>0xd4b1</value>
         <object_component_ref idref="oc-16d"/>
      </symbol>
      <symbol id="sm-715">
         <name>_minit</name>
         <value>0xd44c</value>
         <object_component_ref idref="oc-16d"/>
      </symbol>
      <symbol id="sm-71f">
         <name>_fclose</name>
         <value>0x10c89</value>
         <object_component_ref idref="oc-174"/>
      </symbol>
      <symbol id="sm-729">
         <name>_remove</name>
         <value>0x115ca</value>
         <object_component_ref idref="oc-178"/>
      </symbol>
   </symbol_table>
</link_info>
